Archive member included to satisfy reference by file (symbol)

C:/ST/STM32CubeIDE_1.15.1/STM32CubeIDE/plugins/com.st.stm32cube.ide.mcu.externaltools.gnu-tools-for-stm32.12.3.rel1.win32_1.0.200.202406191623/tools/bin/../lib/gcc/arm-none-eabi/12.3.1/../../../../arm-none-eabi/lib/thumb/v7-m/nofp\libc_nano.a(libc_a-exit.o)
                              C:/ST/STM32CubeIDE_1.15.1/STM32CubeIDE/plugins/com.st.stm32cube.ide.mcu.externaltools.gnu-tools-for-stm32.12.3.rel1.win32_1.0.200.202406191623/tools/bin/../lib/gcc/arm-none-eabi/12.3.1/../../../../arm-none-eabi/lib/thumb/v7-m/nofp/crt0.o (exit)
C:/ST/STM32CubeIDE_1.15.1/STM32CubeIDE/plugins/com.st.stm32cube.ide.mcu.externaltools.gnu-tools-for-stm32.12.3.rel1.win32_1.0.200.202406191623/tools/bin/../lib/gcc/arm-none-eabi/12.3.1/../../../../arm-none-eabi/lib/thumb/v7-m/nofp\libc_nano.a(libc_a-findfp.o)
                              C:/ST/STM32CubeIDE_1.15.1/STM32CubeIDE/plugins/com.st.stm32cube.ide.mcu.externaltools.gnu-tools-for-stm32.12.3.rel1.win32_1.0.200.202406191623/tools/bin/../lib/gcc/arm-none-eabi/12.3.1/../../../../arm-none-eabi/lib/thumb/v7-m/nofp\libc_nano.a(libc_a-exit.o) (__stdio_exit_handler)
C:/ST/STM32CubeIDE_1.15.1/STM32CubeIDE/plugins/com.st.stm32cube.ide.mcu.externaltools.gnu-tools-for-stm32.12.3.rel1.win32_1.0.200.202406191623/tools/bin/../lib/gcc/arm-none-eabi/12.3.1/../../../../arm-none-eabi/lib/thumb/v7-m/nofp\libc_nano.a(libc_a-fwalk.o)
                              C:/ST/STM32CubeIDE_1.15.1/STM32CubeIDE/plugins/com.st.stm32cube.ide.mcu.externaltools.gnu-tools-for-stm32.12.3.rel1.win32_1.0.200.202406191623/tools/bin/../lib/gcc/arm-none-eabi/12.3.1/../../../../arm-none-eabi/lib/thumb/v7-m/nofp\libc_nano.a(libc_a-findfp.o) (_fwalk_sglue)
C:/ST/STM32CubeIDE_1.15.1/STM32CubeIDE/plugins/com.st.stm32cube.ide.mcu.externaltools.gnu-tools-for-stm32.12.3.rel1.win32_1.0.200.202406191623/tools/bin/../lib/gcc/arm-none-eabi/12.3.1/../../../../arm-none-eabi/lib/thumb/v7-m/nofp\libc_nano.a(libc_a-stdio.o)
                              C:/ST/STM32CubeIDE_1.15.1/STM32CubeIDE/plugins/com.st.stm32cube.ide.mcu.externaltools.gnu-tools-for-stm32.12.3.rel1.win32_1.0.200.202406191623/tools/bin/../lib/gcc/arm-none-eabi/12.3.1/../../../../arm-none-eabi/lib/thumb/v7-m/nofp\libc_nano.a(libc_a-findfp.o) (__sread)
C:/ST/STM32CubeIDE_1.15.1/STM32CubeIDE/plugins/com.st.stm32cube.ide.mcu.externaltools.gnu-tools-for-stm32.12.3.rel1.win32_1.0.200.202406191623/tools/bin/../lib/gcc/arm-none-eabi/12.3.1/../../../../arm-none-eabi/lib/thumb/v7-m/nofp\libc_nano.a(libc_a-memset.o)
                              C:/ST/STM32CubeIDE_1.15.1/STM32CubeIDE/plugins/com.st.stm32cube.ide.mcu.externaltools.gnu-tools-for-stm32.12.3.rel1.win32_1.0.200.202406191623/tools/bin/../lib/gcc/arm-none-eabi/12.3.1/../../../../arm-none-eabi/lib/thumb/v7-m/nofp/crt0.o (memset)
C:/ST/STM32CubeIDE_1.15.1/STM32CubeIDE/plugins/com.st.stm32cube.ide.mcu.externaltools.gnu-tools-for-stm32.12.3.rel1.win32_1.0.200.202406191623/tools/bin/../lib/gcc/arm-none-eabi/12.3.1/../../../../arm-none-eabi/lib/thumb/v7-m/nofp\libc_nano.a(libc_a-closer.o)
                              C:/ST/STM32CubeIDE_1.15.1/STM32CubeIDE/plugins/com.st.stm32cube.ide.mcu.externaltools.gnu-tools-for-stm32.12.3.rel1.win32_1.0.200.202406191623/tools/bin/../lib/gcc/arm-none-eabi/12.3.1/../../../../arm-none-eabi/lib/thumb/v7-m/nofp\libc_nano.a(libc_a-stdio.o) (_close_r)
C:/ST/STM32CubeIDE_1.15.1/STM32CubeIDE/plugins/com.st.stm32cube.ide.mcu.externaltools.gnu-tools-for-stm32.12.3.rel1.win32_1.0.200.202406191623/tools/bin/../lib/gcc/arm-none-eabi/12.3.1/../../../../arm-none-eabi/lib/thumb/v7-m/nofp\libc_nano.a(libc_a-reent.o)
                              C:/ST/STM32CubeIDE_1.15.1/STM32CubeIDE/plugins/com.st.stm32cube.ide.mcu.externaltools.gnu-tools-for-stm32.12.3.rel1.win32_1.0.200.202406191623/tools/bin/../lib/gcc/arm-none-eabi/12.3.1/../../../../arm-none-eabi/lib/thumb/v7-m/nofp\libc_nano.a(libc_a-closer.o) (errno)
C:/ST/STM32CubeIDE_1.15.1/STM32CubeIDE/plugins/com.st.stm32cube.ide.mcu.externaltools.gnu-tools-for-stm32.12.3.rel1.win32_1.0.200.202406191623/tools/bin/../lib/gcc/arm-none-eabi/12.3.1/../../../../arm-none-eabi/lib/thumb/v7-m/nofp\libc_nano.a(libc_a-impure.o)
                              C:/ST/STM32CubeIDE_1.15.1/STM32CubeIDE/plugins/com.st.stm32cube.ide.mcu.externaltools.gnu-tools-for-stm32.12.3.rel1.win32_1.0.200.202406191623/tools/bin/../lib/gcc/arm-none-eabi/12.3.1/../../../../arm-none-eabi/lib/thumb/v7-m/nofp\libc_nano.a(libc_a-reent.o) (_impure_ptr)
C:/ST/STM32CubeIDE_1.15.1/STM32CubeIDE/plugins/com.st.stm32cube.ide.mcu.externaltools.gnu-tools-for-stm32.12.3.rel1.win32_1.0.200.202406191623/tools/bin/../lib/gcc/arm-none-eabi/12.3.1/../../../../arm-none-eabi/lib/thumb/v7-m/nofp\libc_nano.a(libc_a-lseekr.o)
[...]
Memory Configuration

Name             Origin             Length             Attributes
RAM              0x20000000         0x00005000         xrw
FLASH            0x08000000         0x00010000         xr
*default*        0x00000000         0xffffffff

Linker script and memory map

LOAD C:/ST/STM32CubeIDE_1.15.1/STM32CubeIDE/plugins/com.st.stm32cube.ide.mcu.externaltools.gnu-tools-for-stm32.12.3.rel1.win32_1.0.200.202406191623/tools/bin/../lib/gcc/arm-none-eabi/12.3.1/thumb/v7-m/nofp/crti.o
LOAD C:/ST/STM32CubeIDE_1.15.1/STM32CubeIDE/plugins/com.st.stm32cube.ide.mcu.externaltools.gnu-tools-for-stm32.12.3.rel1.win32_1.0.200.202406191623/tools/bin/../lib/gcc/arm-none-eabi/12.3.1/thumb/v7-m/nofp/crtbegin.o
LOAD C:/ST/STM32CubeIDE_1.15.1/STM32CubeIDE/plugins/com.st.stm32cube.ide.mcu.externaltools.gnu-tools-for-stm32.12.3.rel1.win32_1.0.200.202406191623/tools/bin/../lib/gcc/arm-none-eabi/12.3.1/../../../../arm-none-eabi/lib/thumb/v7-m/nofp/crt0.o
LOAD ./Core/Src/gpio.o
LOAD ./Core/Src/i2c.o
LOAD ./Core/Src/main.o
LOAD ./Core/Src/stm32f1xx_hal_msp.o
LOAD ./Core/Src/stm32f1xx_it.o
LOAD ./Core/Src/syscalls.o
LOAD ./Core/Src/sysmem.o
LOAD ./Core/Src/system_stm32f1xx.o
LOAD ./Core/Src/systick.o
LOAD ./Core/Startup/startup_stm32f103c8tx.o
LOAD ./Drivers/DSP/Common/sw_i2c/sw_i2c.o
LOAD ./Drivers/DSP/Components/oled/oled.o
LOAD ./Drivers/DSP/Components/oled/oled_font.o
LOAD ./Drivers/DSP/Components/sgp30/sgp30.o
LOAD ./Drivers/DSP/Components/sht30/sht30.o
LOAD ./Drivers/STM32F1xx_HAL_Driver/Src/stm32f1xx_hal.o
LOAD ./Drivers/STM32F1xx_HAL_Driver/Src/stm32f1xx_hal_cortex.o
LOAD ./Drivers/STM32F1xx_HAL_Driver/Src/stm32f1xx_hal_dma.o
LOAD ./Drivers/STM32F1xx_HAL_Driver/Src/stm32f1xx_hal_exti.o
LOAD ./Drivers/STM32F1xx_HAL_Driver/Src/stm32f1xx_hal_flash.o
LOAD ./Drivers/STM32F1xx_HAL_Driver/Src/stm32f1xx_hal_flash_ex.o
LOAD ./Drivers/STM32F1xx_HAL_Driver/Src/stm32f1xx_hal_gpio.o
LOAD ./Drivers/STM32F1xx_HAL_Driver/Src/stm32f1xx_hal_gpio_ex.o
LOAD ./Drivers/STM32F1xx_HAL_Driver/Src/stm32f1xx_hal_i2c.o
LOAD ./Drivers/STM32F1xx_HAL_Driver/Src/stm32f1xx_hal_pwr.o
LOAD ./Drivers/STM32F1xx_HAL_Driver/Src/stm32f1xx_hal_rcc.o
LOAD ./Drivers/STM32F1xx_HAL_Driver/Src/stm32f1xx_hal_rcc_ex.o
LOAD ./Drivers/STM32F1xx_HAL_Driver/Src/stm32f1xx_hal_tim.o
LOAD ./Drivers/STM32F1xx_HAL_Driver/Src/stm32f1xx_hal_tim_ex.o
START GROUP
LOAD C:/ST/STM32CubeIDE_1.15.1/STM32CubeIDE/plugins/com.st.stm32cube.ide.mcu.externaltools.gnu-tools-for-stm32.12.3.rel1.win32_1.0.200.202406191623/tools/bin/../lib/gcc/arm-none-eabi/12.3.1/../../../../arm-none-eabi/lib/thumb/v7-m/nofp\libc_nano.a
LOAD C:/ST/STM32CubeIDE_1.15.1/STM32CubeIDE/plugins/com.st.stm32cube.ide.mcu.externaltools.gnu-tools-for-stm32.12.3.rel1.win32_1.0.200.202406191623/tools/bin/../lib/gcc/arm-none-eabi/12.3.1/../../../../arm-none-eabi/lib/thumb/v7-m/nofp\libm.a
END GROUP
START GROUP
LOAD C:/ST/STM32CubeIDE_1.15.1/STM32CubeIDE/plugins/com.st.stm32cube.ide.mcu.externaltools.gnu-tools-for-stm32.12.3.rel1.win32_1.0.200.202406191623/tools/bin/../lib/gcc/arm-none-eabi/12.3.1/thumb/v7-m/nofp\libgcc.a
LOAD C:/ST/STM32CubeIDE_1.15.1/STM32CubeIDE/plugins/com.st.stm32cube.ide.mcu.externaltools.gnu-tools-for-stm32.12.3.rel1.win32_1.0.200.202406191623/tools/bin/../lib/gcc/arm-none-eabi/12.3.1/../../../../arm-none-eabi/lib/thumb/v7-m/nofp\libc_nano.a
END GROUP
START GROUP
LOAD C:/ST/STM32CubeIDE_1.15.1/STM32CubeIDE/plugins/com.st.stm32cube.ide.mcu.externaltools.gnu-tools-for-stm32.12.3.rel1.win32_1.0.200.202406191623/tools/bin/../lib/gcc/arm-none-eabi/12.3.1/thumb/v7-m/nofp\libgcc.a
LOAD C:/ST/STM32CubeIDE_1.15.1/STM32CubeIDE/plugins/com.st.stm32cube.ide.mcu.externaltools.gnu-tools-for-stm32.12.3.rel1.win32_1.0.200.202406191623/tools/bin/../lib/gcc/arm-none-eabi/12.3.1/../../../../arm-none-eabi/lib/thumb/v7-m/nofp\libc_nano.a
LOAD C:/ST/STM32CubeIDE_1.15.1/STM32CubeIDE/plugins/com.st.stm32cube.ide.mcu.externaltools.gnu-tools-for-stm32.12.3.rel1.win32_1.0.200.202406191623/tools/bin/../lib/gcc/arm-none-eabi/12.3.1/../../../../arm-none-eabi/lib/thumb/v7-m/nofp\libnosys.a
END GROUP
START GROUP
LOAD C:/ST/STM32CubeIDE_1.15.1/STM32CubeIDE/plugins/com.st.stm32cube.ide.mcu.externaltools.gnu-tools-for-stm32.12.3.rel1.win32_1.0.200.202406191623/tools/bin/../lib/gcc/arm-none-eabi/12.3.1/thumb/v7-m/nofp\libgcc.a
LOAD C:/ST/STM32CubeIDE_1.15.1/STM32CubeIDE/plugins/com.st.stm32cube.ide.mcu.externaltools.gnu-tools-for-stm32.12.3.rel1.win32_1.0.200.202406191623/tools/bin/../lib/gcc/arm-none-eabi/12.3.1/../../../../arm-none-eabi/lib/thumb/v7-m/nofp\libc_nano.a
LOAD C:/ST/STM32CubeIDE_1.15.1/STM32CubeIDE/plugins/com.st.stm32cube.ide.mcu.externaltools.gnu-tools-for-stm32.12.3.rel1.win32_1.0.200.202406191623/tools/bin/../lib/gcc/arm-none-eabi/12.3.1/../../../../arm-none-eabi/lib/thumb/v7-m/nofp\libnosys.a
END GROUP
LOAD C:/ST/STM32CubeIDE_1.15.1/STM32CubeIDE/plugins/com.st.stm32cube.ide.mcu.externaltools.gnu-tools-for-stm32.12.3.rel1.win32_1.0.200.202406191623/tools/bin/../lib/gcc/arm-none-eabi/12.3.1/thumb/v7-m/nofp/crtend.o
LOAD C:/ST/STM32CubeIDE_1.15.1/STM32CubeIDE/plugins/com.st.stm32cube.ide.mcu.externaltools.gnu-tools-for-stm32.12.3.rel1.win32_1.0.200.202406191623/tools/bin/../lib/gcc/arm-none-eabi/12.3.1/thumb/v7-m/nofp/crtn.o
                0x20005000                        _estack = (ORIGIN (RAM) + LENGTH (RAM))
                0x00000200                        _Min_Heap_Size = 0x200
                0x00000400                        _Min_Stack_Size = 0x400

.isr_vector     0x08000000      0x10c
                0x08000000                        . = ALIGN (0x4)
 *(.isr_vector)
 .isr_vector    0x08000000      0x10c ./Core/Startup/startup_stm32f103c8tx.o
                0x08000000                g_pfnVectors
                0x0800010c                        . = ALIGN (0x4)

.text           0x08000110     0x2ed0
                0x08000110                        . = ALIGN (0x4)
 *(.text)
 .text          0x08000110       0x40 C:/ST/STM32CubeIDE_1.15.1/STM32CubeIDE/plugins/com.st.stm32cube.ide.mcu.externaltools.gnu-tools-for-stm32.12.3.rel1.win32_1.0.200.202406191623/tools/bin/../lib/gcc/arm-none-eabi/12.3.1/thumb/v7-m/nofp/crtbegin.o
 .text          0x08000150      0x378 C:/ST/STM32CubeIDE_1.15.1/STM32CubeIDE/plugins/com.st.stm32cube.ide.mcu.externaltools.gnu-tools-for-stm32.12.3.rel1.win32_1.0.200.202406191623/tools/bin/../lib/gcc/arm-none-eabi/12.3.1/thumb/v7-m/nofp\libgcc.a(_arm_addsubdf3.o)
                0x08000150                __aeabi_drsub
                0x08000158                __aeabi_dsub
                0x08000158                __subdf3
                0x0800015c                __aeabi_dadd
                0x0800015c                __adddf3
                0x080003d4                __floatunsidf
                0x080003d4                __aeabi_ui2d
                0x080003f4                __floatsidf
                0x080003f4                __aeabi_i2d
                0x08000418                __aeabi_f2d
                0x08000418                __extendsfdf2
                0x0800045c                __floatundidf
                0x0800045c                __aeabi_ul2d
                0x0800046c                __floatdidf
                0x0800046c                __aeabi_l2d
 .text          0x080004c8      0x424 C:/ST/STM32CubeIDE_1.15.1/STM32CubeIDE/plugins/com.st.stm32cube.ide.mcu.externaltools.gnu-tools-for-stm32.12.3.rel1.win32_1.0.200.202406191623/tools/bin/../lib/gcc/arm-none-eabi/12.3.1/thumb/v7-m/nofp\libgcc.a(_arm_muldivdf3.o)
                0x080004c8                __aeabi_dmul
                0x080004c8                __muldf3
                0x0800071c                __divdf3
                0x0800071c                __aeabi_ddiv
 .text          0x080008ec       0xa0 C:/ST/STM32CubeIDE_1.15.1/STM32CubeIDE/plugins/com.st.stm32cube.ide.mcu.externaltools.gnu-tools-for-stm32.12.3.rel1.win32_1.0.200.202406191623/tools/bin/../lib/gcc/arm-none-eabi/12.3.1/thumb/v7-m/nofp\libgcc.a(_arm_truncdfsf2.o)
                0x080008ec                __truncdfsf2
                0x080008ec                __aeabi_d2f
 .text          0x0800098c      0x21c C:/ST/STM32CubeIDE_1.15.1/STM32CubeIDE/plugins/com.st.stm32cube.ide.mcu.externaltools.gnu-tools-for-stm32.12.3.rel1.win32_1.0.200.202406191623/tools/bin/../lib/gcc/arm-none-eabi/12.3.1/thumb/v7-m/nofp\libgcc.a(_arm_addsubsf3.o)
                0x0800098c                __aeabi_frsub
                0x08000994                __subsf3
                0x08000994                __aeabi_fsub
                0x08000998                __aeabi_fadd
                0x08000998                __addsf3
                0x08000af8                __aeabi_ui2f
                0x08000af8                __floatunsisf
                0x08000b00                __aeabi_i2f
                0x08000b00                __floatsisf
                0x08000b1c                __aeabi_ul2f
                0x08000b1c                __floatundisf
                0x08000b2c                __aeabi_l2f
                0x08000b2c                __floatdisf
 .text          0x08000ba8       0x40 C:/ST/STM32CubeIDE_1.15.1/STM32CubeIDE/plugins/com.st.stm32cube.ide.mcu.externaltools.gnu-tools-for-stm32.12.3.rel1.win32_1.0.200.202406191623/tools/bin/../lib/gcc/arm-none-eabi/12.3.1/thumb/v7-m/nofp\libgcc.a(_arm_fixunssfsi.o)
                0x08000ba8                __fixunssfsi
                0x08000ba8                __aeabi_f2uiz
 *(.text*)
 .text.MX_GPIO_Init
                0x08000be8       0x98 ./Core/Src/gpio.o
                0x08000be8                MX_GPIO_Init
 .text.MX_I2C1_Init
                0x08000c80       0x5c ./Core/Src/i2c.o
                0x08000c80                MX_I2C1_Init
 .text.HAL_I2C_MspInit
                0x08000cdc       0x7c ./Core/Src/i2c.o
                0x08000cdc                HAL_I2C_MspInit
 .text.main     0x08000d58       0xb8 ./Core/Src/main.o
                0x08000d58                main
 .text.SystemClock_Config
                0x08000e10       0x8a ./Core/Src/main.o
                0x08000e10                SystemClock_Config
 .text.Error_Handler
                0x08000e9a        0xc ./Core/Src/main.o
                0x08000e9a                Error_Handler
 *fill*         0x08000ea6        0x2 
 .text.HAL_MspInit
                0x08000ea8       0x64 ./Core/Src/stm32f1xx_hal_msp.o
                0x08000ea8                HAL_MspInit
 .text.NMI_Handler
                0x08000f0c        0x8 ./Core/Src/stm32f1xx_it.o
                0x08000f0c                NMI_Handler
 .text.HardFault_Handler
                0x08000f14        0x8 ./Core/Src/stm32f1xx_it.o
                0x08000f14                HardFault_Handler
 .text.MemManage_Handler
                0x08000f1c        0x8 ./Core/Src/stm32f1xx_it.o
                0x08000f1c                MemManage_Handler
 .text.BusFault_Handler
                0x08000f24        0x8 ./Core/Src/stm32f1xx_it.o
                0x08000f24                BusFault_Handler
 .text.UsageFault_Handler
                0x08000f2c        0x8 ./Core/Src/stm32f1xx_it.o
                0x08000f2c                UsageFault_Handler
 .text.SVC_Handler
                0x08000f34        0xc ./Core/Src/stm32f1xx_it.o
                0x08000f34                SVC_Handler
 .text.DebugMon_Handler
                0x08000f40        0xc ./Core/Src/stm32f1xx_it.o
                0x08000f40                DebugMon_Handler
 .text.PendSV_Handler
                0x08000f4c        0xc ./Core/Src/stm32f1xx_it.o
                0x08000f4c                PendSV_Handler
 .text.SysTick_Handler
                0x08000f58        0xc ./Core/Src/stm32f1xx_it.o
                0x08000f58                SysTick_Handler
 .text.SystemInit
                0x08000f64        0xc ./Core/Src/system_stm32f1xx.o
                0x08000f64                SystemInit
 .text.Delay_us
                0x08000f70       0x54 ./Core/Src/systick.o
                0x08000f70                Delay_us
 .text.Delay_ms
                0x08000fc4       0x2a ./Core/Src/systick.o
                0x08000fc4                Delay_ms
 .text.Delay_s  0x08000fee       0x2a ./Core/Src/systick.o
                0x08000fee                Delay_s
 .text.Reset_Handler
                0x08001018       0x48 ./Core/Startup/startup_stm32f103c8tx.o
                0x08001018                Reset_Handler
 .text.Default_Handler
                0x08001060        0x2 ./Core/Startup/startup_stm32f103c8tx.o
                0x08001060                RTC_Alarm_IRQHandler
                0x08001060                EXTI2_IRQHandler
                0x08001060                TIM1_CC_IRQHandler
                0x08001060                PVD_IRQHandler
                0x08001060                EXTI3_IRQHandler
                0x08001060                EXTI0_IRQHandler
                0x08001060                I2C2_EV_IRQHandler
                0x08001060                ADC1_2_IRQHandler
                0x08001060                SPI1_IRQHandler
                0x08001060                TAMPER_IRQHandler
                0x08001060                DMA1_Channel4_IRQHandler
                0x08001060                USART3_IRQHandler
                0x08001060                RTC_IRQHandler
                0x08001060                DMA1_Channel7_IRQHandler
                0x08001060                CAN1_RX1_IRQHandler
                0x08001060                TIM4_IRQHandler
                0x08001060                I2C1_EV_IRQHandler
                0x08001060                DMA1_Channel6_IRQHandler
                0x08001060                TIM3_IRQHandler
                0x08001060                RCC_IRQHandler
                0x08001060                TIM1_TRG_COM_IRQHandler
                0x08001060                DMA1_Channel1_IRQHandler
                0x08001060                Default_Handler
                0x08001060                EXTI15_10_IRQHandler
                0x08001060                EXTI9_5_IRQHandler
                0x08001060                SPI2_IRQHandler
                0x08001060                DMA1_Channel5_IRQHandler
                0x08001060                EXTI4_IRQHandler
                0x08001060                USB_LP_CAN1_RX0_IRQHandler
                0x08001060                USB_HP_CAN1_TX_IRQHandler
                0x08001060                DMA1_Channel3_IRQHandler
                0x08001060                TIM1_UP_IRQHandler
                0x08001060                WWDG_IRQHandler
                0x08001060                TIM2_IRQHandler
                0x08001060                TIM1_BRK_IRQHandler
                0x08001060                EXTI1_IRQHandler
                0x08001060                USART2_IRQHandler
                0x08001060                I2C2_ER_IRQHandler
                0x08001060                DMA1_Channel2_IRQHandler
                0x08001060                CAN1_SCE_IRQHandler
                0x08001060                FLASH_IRQHandler
                0x08001060                USART1_IRQHandler
                0x08001060                I2C1_ER_IRQHandler
                0x08001060                USBWakeUp_IRQHandler
 *fill*         0x08001062        0x2 
 .text.SW_I2C_Start
                0x08001064       0x50 ./Drivers/DSP/Common/sw_i2c/sw_i2c.o
                0x08001064                SW_I2C_Start
 .text.SW_I2C_Stop
                0x080010b4       0x44 ./Drivers/DSP/Common/sw_i2c/sw_i2c.o
                0x080010b4                SW_I2C_Stop
 .text.SW_I2C_TransmitByte
                0x080010f8       0xc4 ./Drivers/DSP/Common/sw_i2c/sw_i2c.o
                0x080010f8                SW_I2C_TransmitByte
 .text.SW_I2C_ReceiveByte
                0x080011bc       0xc0 ./Drivers/DSP/Common/sw_i2c/sw_i2c.o
                0x080011bc                SW_I2C_ReceiveByte
 .text.SSD1306_WriteCommand
                0x0800127c       0x30 ./Drivers/DSP/Components/oled/oled.o
                0x0800127c                SSD1306_WriteCommand
 .text.SSD1306_WriteData
                0x080012ac       0x30 ./Drivers/DSP/Components/oled/oled.o
                0x080012ac                SSD1306_WriteData
 .text.OLED_SetCursor
                0x080012dc       0x46 ./Drivers/DSP/Components/oled/oled.o
                0x080012dc                OLED_SetCursor
 .text.OLED_Clear
                0x08001322       0x46 ./Drivers/DSP/Components/oled/oled.o
                0x08001322                OLED_Clear
 .text.OLED_ShowChar
                0x08001368       0xb4 ./Drivers/DSP/Components/oled/oled.o
                0x08001368                OLED_ShowChar
 .text.OLED_Pow
                0x0800141c       0x30 ./Drivers/DSP/Components/oled/oled.o
                0x0800141c                OLED_Pow
 .text.OLED_ShowNum
                0x0800144c       0x7c ./Drivers/DSP/Components/oled/oled.o
                0x0800144c                OLED_ShowNum
 .text.OLED_Init
                0x080014c8       0x78 ./Drivers/DSP/Components/oled/oled.o
                0x080014c8                OLED_Init
 .text.SGP30_Init
                0x08001540        0xe ./Drivers/DSP/Components/sgp30/sgp30.o
                0x08001540                SGP30_Init
 .text.SGP30_WriteCommand
                0x0800154e       0x3c ./Drivers/DSP/Components/sgp30/sgp30.o
                0x0800154e                SGP30_WriteCommand
 .text.SGP30_Measure_IAQ
                0x0800158a       0xd8 ./Drivers/DSP/Components/sgp30/sgp30.o
                0x0800158a                SGP30_Measure_IAQ
 .text.SGP30_IAQ_Init
                0x08001662       0x10 ./Drivers/DSP/Components/sgp30/sgp30.o
                0x08001662                SGP30_IAQ_Init
 .text.SHT30_Init
                0x08001672        0xe ./Drivers/DSP/Components/sht30/sht30.o
                0x08001672                SHT30_Init
 .text.SHT30_WriteCommand
                0x08001680       0x3c ./Drivers/DSP/Components/sht30/sht30.o
                0x08001680                SHT30_WriteCommand
 *fill*         0x080016bc        0x4 
 .text.SHT30_Measure_Periodic_Mode
                0x080016c0      0x168 ./Drivers/DSP/Components/sht30/sht30.o
                0x080016c0                SHT30_Measure_Periodic_Mode
 .text.SHT30_Set_Periodic_Data_Acquisition_Mode
                0x08001828       0x24 ./Drivers/DSP/Components/sht30/sht30.o
                0x08001828                SHT30_Set_Periodic_Data_Acquisition_Mode
 .text.HAL_Init
                0x0800184c       0x2c ./Drivers/STM32F1xx_HAL_Driver/Src/stm32f1xx_hal.o
                0x0800184c                HAL_Init
 .text.HAL_InitTick
                0x08001878       0x60 ./Drivers/STM32F1xx_HAL_Driver/Src/stm32f1xx_hal.o
                0x08001878                HAL_InitTick
 .text.HAL_IncTick
                0x080018d8       0x24 ./Drivers/STM32F1xx_HAL_Driver/Src/stm32f1xx_hal.o
                0x080018d8                HAL_IncTick
 .text.HAL_GetTick
                0x080018fc       0x14 ./Drivers/STM32F1xx_HAL_Driver/Src/stm32f1xx_hal.o
                0x080018fc                HAL_GetTick
 .text.__NVIC_SetPriorityGrouping
                0x08001910       0x48 ./Drivers/STM32F1xx_HAL_Driver/Src/stm32f1xx_hal_cortex.o
 .text.__NVIC_GetPriorityGrouping
                0x08001958       0x1c ./Drivers/STM32F1xx_HAL_Driver/Src/stm32f1xx_hal_cortex.o
 .text.__NVIC_SetPriority
                0x08001974       0x54 ./Drivers/STM32F1xx_HAL_Driver/Src/stm32f1xx_hal_cortex.o
 .text.NVIC_EncodePriority
                0x080019c8       0x64 ./Drivers/STM32F1xx_HAL_Driver/Src/stm32f1xx_hal_cortex.o
 .text.SysTick_Config
                0x08001a2c       0x44 ./Drivers/STM32F1xx_HAL_Driver/Src/stm32f1xx_hal_cortex.o
 .text.HAL_NVIC_SetPriorityGrouping
                0x08001a70       0x16 ./Drivers/STM32F1xx_HAL_Driver/Src/stm32f1xx_hal_cortex.o
                0x08001a70                HAL_NVIC_SetPriorityGrouping
 .text.HAL_NVIC_SetPriority
                0x08001a86       0x38 ./Drivers/STM32F1xx_HAL_Driver/Src/stm32f1xx_hal_cortex.o
                0x08001a86                HAL_NVIC_SetPriority
 .text.HAL_SYSTICK_Config
                0x08001abe       0x18 ./Drivers/STM32F1xx_HAL_Driver/Src/stm32f1xx_hal_cortex.o
                0x08001abe                HAL_SYSTICK_Config
 *fill*         0x08001ad6        0x2 
 .text.HAL_GPIO_Init
                0x08001ad8      0x308 ./Drivers/STM32F1xx_HAL_Driver/Src/stm32f1xx_hal_gpio.o
                0x08001ad8                HAL_GPIO_Init
 .text.HAL_GPIO_ReadPin
                0x08001de0       0x2e ./Drivers/STM32F1xx_HAL_Driver/Src/stm32f1xx_hal_gpio.o
                0x08001de0                HAL_GPIO_ReadPin
 .text.HAL_GPIO_WritePin
                0x08001e0e       0x30 ./Drivers/STM32F1xx_HAL_Driver/Src/stm32f1xx_hal_gpio.o
                0x08001e0e                HAL_GPIO_WritePin
 *fill*         0x08001e3e        0x2 
 .text.HAL_I2C_Init
                0x08001e40      0x288 ./Drivers/STM32F1xx_HAL_Driver/Src/stm32f1xx_hal_i2c.o
                0x08001e40                HAL_I2C_Init
 .text.HAL_I2C_Master_Transmit
                0x080020c8      0x1fc ./Drivers/STM32F1xx_HAL_Driver/Src/stm32f1xx_hal_i2c.o
                0x080020c8                HAL_I2C_Master_Transmit
 .text.I2C_MasterRequestWrite
                0x080022c4      0x104 ./Drivers/STM32F1xx_HAL_Driver/Src/stm32f1xx_hal_i2c.o
 .text.I2C_WaitOnFlagUntilTimeout
                0x080023c8       0xf4 ./Drivers/STM32F1xx_HAL_Driver/Src/stm32f1xx_hal_i2c.o
 .text.I2C_WaitOnMasterAddressFlagUntilTimeout
                0x080024bc      0x140 ./Drivers/STM32F1xx_HAL_Driver/Src/stm32f1xx_hal_i2c.o
 .text.I2C_WaitOnTXEFlagUntilTimeout
                0x080025fc       0x90 ./Drivers/STM32F1xx_HAL_Driver/Src/stm32f1xx_hal_i2c.o
 .text.I2C_WaitOnBTFFlagUntilTimeout
                0x0800268c       0x90 ./Drivers/STM32F1xx_HAL_Driver/Src/stm32f1xx_hal_i2c.o
 .text.I2C_IsAcknowledgeFailed
                0x0800271c       0x5c ./Drivers/STM32F1xx_HAL_Driver/Src/stm32f1xx_hal_i2c.o
 .text.HAL_RCC_OscConfig
                0x08002778      0x504 ./Drivers/STM32F1xx_HAL_Driver/Src/stm32f1xx_hal_rcc.o
                0x08002778                HAL_RCC_OscConfig
 .text.HAL_RCC_ClockConfig
                0x08002c7c      0x1d4 ./Drivers/STM32F1xx_HAL_Driver/Src/stm32f1xx_hal_rcc.o
                0x08002c7c                HAL_RCC_ClockConfig
 .text.HAL_RCC_GetSysClockFreq
                0x08002e50       0xa8 ./Drivers/STM32F1xx_HAL_Driver/Src/stm32f1xx_hal_rcc.o
                0x08002e50                HAL_RCC_GetSysClockFreq
 .text.HAL_RCC_GetHCLKFreq
                0x08002ef8       0x14 ./Drivers/STM32F1xx_HAL_Driver/Src/stm32f1xx_hal_rcc.o
                0x08002ef8                HAL_RCC_GetHCLKFreq
 .text.HAL_RCC_GetPCLK1Freq
                0x08002f0c       0x28 ./Drivers/STM32F1xx_HAL_Driver/Src/stm32f1xx_hal_rcc.o
                0x08002f0c                HAL_RCC_GetPCLK1Freq
 .text.RCC_Delay
                0x08002f34       0x3c ./Drivers/STM32F1xx_HAL_Driver/Src/stm32f1xx_hal_rcc.o
 .text.memset   0x08002f70       0x10 C:/ST/STM32CubeIDE_1.15.1/STM32CubeIDE/plugins/com.st.stm32cube.ide.mcu.externaltools.gnu-tools-for-stm32.12.3.rel1.win32_1.0.200.202406191623/tools/bin/../lib/gcc/arm-none-eabi/12.3.1/../../../../arm-none-eabi/lib/thumb/v7-m/nofp\libc_nano.a(libc_a-memset.o)
                0x08002f70                memset
 .text.__libc_init_array
                0x08002f80       0x48 C:/ST/STM32CubeIDE_1.15.1/STM32CubeIDE/plugins/com.st.stm32cube.ide.mcu.externaltools.gnu-tools-for-stm32.12.3.rel1.win32_1.0.200.202406191623/tools/bin/../lib/gcc/arm-none-eabi/12.3.1/../../../../arm-none-eabi/lib/thumb/v7-m/nofp\libc_nano.a(libc_a-init.o)
                0x08002f80                __libc_init_array
 *(.glue_7)
 .glue_7        0x08002fc8        0x0 linker stubs
 *(.glue_7t)
 .glue_7t       0x08002fc8        0x0 linker stubs
 *(.eh_frame)
 .eh_frame      0x08002fc8        0x0 C:/ST/STM32CubeIDE_1.15.1/STM32CubeIDE/plugins/com.st.stm32cube.ide.mcu.externaltools.gnu-tools-for-stm32.12.3.rel1.win32_1.0.200.202406191623/tools/bin/../lib/gcc/arm-none-eabi/12.3.1/thumb/v7-m/nofp/crtbegin.o
 *(.init)
 .init          0x08002fc8        0x4 C:/ST/STM32CubeIDE_1.15.1/STM32CubeIDE/plugins/com.st.stm32cube.ide.mcu.externaltools.gnu-tools-for-stm32.12.3.rel1.win32_1.0.200.202406191623/tools/bin/../lib/gcc/arm-none-eabi/12.3.1/thumb/v7-m/nofp/crti.o
                0x08002fc8                _init
 .init          0x08002fcc        0x8 C:/ST/STM32CubeIDE_1.15.1/STM32CubeIDE/plugins/com.st.stm32cube.ide.mcu.externaltools.gnu-tools-for-stm32.12.3.rel1.win32_1.0.200.202406191623/tools/bin/../lib/gcc/arm-none-eabi/12.3.1/thumb/v7-m/nofp/crtn.o
 *(.fini)
 .fini          0x08002fd4        0x4 C:/ST/STM32CubeIDE_1.15.1/STM32CubeIDE/plugins/com.st.stm32cube.ide.mcu.externaltools.gnu-tools-for-stm32.12.3.rel1.win32_1.0.200.202406191623/tools/bin/../lib/gcc/arm-none-eabi/12.3.1/thumb/v7-m/nofp/crti.o
                0x08002fd4                _fini
 .fini          0x08002fd8        0x8 C:/ST/STM32CubeIDE_1.15.1/STM32CubeIDE/plugins/com.st.stm32cube.ide.mcu.externaltools.gnu-tools-for-stm32.12.3.rel1.win32_1.0.200.202406191623/tools/bin/../lib/gcc/arm-none-eabi/12.3.1/thumb/v7-m/nofp/crtn.o
                0x08002fe0                        . = ALIGN (0x4)
                0x08002fe0                        _etext = .

.vfp11_veneer   0x08002fe0        0x0
 .vfp11_veneer  0x08002fe0        0x0 linker stubs

.v4_bx          0x08002fe0        0x0
 .v4_bx         0x08002fe0        0x0 linker stubs

.iplt           0x08002fe0        0x0
 .iplt          0x08002fe0        0x0 C:/ST/STM32CubeIDE_1.15.1/STM32CubeIDE/plugins/com.st.stm32cube.ide.mcu.externaltools.gnu-tools-for-stm32.12.3.rel1.win32_1.0.200.202406191623/tools/bin/../lib/gcc/arm-none-eabi/12.3.1/thumb/v7-m/nofp/crtbegin.o

.rodata         0x08002fe0       0x2c
                0x08002fe0                        . = ALIGN (0x4)
 *(.rodata)
 *(.rodata*)
 .rodata.AHBPrescTable
                0x08002fe0       0x10 ./Core/Src/system_stm32f1xx.o
                0x08002fe0                AHBPrescTable
 .rodata.APBPrescTable
                0x08002ff0        0x8 ./Core/Src/system_stm32f1xx.o
                0x08002ff0                APBPrescTable
 .rodata.aPLLMULFactorTable.1
                0x08002ff8       0x10 ./Drivers/STM32F1xx_HAL_Driver/Src/stm32f1xx_hal_rcc.o
 .rodata.aPredivFactorTable.0
                0x08003008        0x2 ./Drivers/STM32F1xx_HAL_Driver/Src/stm32f1xx_hal_rcc.o
                0x0800300c                        . = ALIGN (0x4)
 *fill*         0x0800300a        0x2 

.ARM.extab      0x0800300c        0x0
                0x0800300c                        . = ALIGN (0x4)
 *(.ARM.extab* .gnu.linkonce.armextab.*)
                0x0800300c                        . = ALIGN (0x4)

.ARM            0x0800300c        0x0
                0x0800300c                        . = ALIGN (0x4)
                0x0800300c                        __exidx_start = .
 *(.ARM.exidx*)
                0x0800300c                        __exidx_end = .
                0x0800300c                        . = ALIGN (0x4)

.preinit_array  0x0800300c        0x0
                0x0800300c                        . = ALIGN (0x4)
                0x0800300c                        PROVIDE (__preinit_array_start = .)
 *(.preinit_array*)
                0x0800300c                        PROVIDE (__preinit_array_end = .)
                0x0800300c                        . = ALIGN (0x4)

.init_array     0x0800300c        0x4
                0x0800300c                        . = ALIGN (0x4)
                0x0800300c                        PROVIDE (__init_array_start = .)
 *(SORT_BY_NAME(.init_array.*))
 *(.init_array*)
 .init_array    0x0800300c        0x4 C:/ST/STM32CubeIDE_1.15.1/STM32CubeIDE/plugins/com.st.stm32cube.ide.mcu.externaltools.gnu-tools-for-stm32.12.3.rel1.win32_1.0.200.202406191623/tools/bin/../lib/gcc/arm-none-eabi/12.3.1/thumb/v7-m/nofp/crtbegin.o
                0x08003010                        PROVIDE (__init_array_end = .)
                0x08003010                        . = ALIGN (0x4)

.fini_array     0x08003010        0x4
                0x08003010                        . = ALIGN (0x4)
                [!provide]                        PROVIDE (__fini_array_start = .)
 *(SORT_BY_NAME(.fini_array.*))
 *(.fini_array*)
 .fini_array    0x08003010        0x4 C:/ST/STM32CubeIDE_1.15.1/STM32CubeIDE/plugins/com.st.stm32cube.ide.mcu.externaltools.gnu-tools-for-stm32.12.3.rel1.win32_1.0.200.202406191623/tools/bin/../lib/gcc/arm-none-eabi/12.3.1/thumb/v7-m/nofp/crtbegin.o
                [!provide]                        PROVIDE (__fini_array_end = .)
                0x08003014                        . = ALIGN (0x4)
                0x08003014                        _sidata = LOADADDR (.data)

.rel.dyn        0x08003014        0x0
 .rel.iplt      0x08003014        0x0 C:/ST/STM32CubeIDE_1.15.1/STM32CubeIDE/plugins/com.st.stm32cube.ide.mcu.externaltools.gnu-tools-for-stm32.12.3.rel1.win32_1.0.200.202406191623/tools/bin/../lib/gcc/arm-none-eabi/12.3.1/thumb/v7-m/nofp/crtbegin.o

.data           0x20000000      0x5fc load address 0x08003014
                0x20000000                        . = ALIGN (0x4)
                0x20000000                        _sdata = .
 *(.data)
 *(.data*)
 .data.SystemCoreClock
                0x20000000        0x4 ./Core/Src/system_stm32f1xx.o
                0x20000000                SystemCoreClock
 .data.Font8x16
                0x20000004      0x5f0 ./Drivers/DSP/Components/oled/oled_font.o
                0x20000004                Font8x16
 .data.uwTickPrio
                0x200005f4        0x4 ./Drivers/STM32F1xx_HAL_Driver/Src/stm32f1xx_hal.o
                0x200005f4                uwTickPrio
 .data.uwTickFreq
                0x200005f8        0x1 ./Drivers/STM32F1xx_HAL_Driver/Src/stm32f1xx_hal.o
                0x200005f8                uwTickFreq
 *(.RamFunc)
 *(.RamFunc*)
                0x200005fc                        . = ALIGN (0x4)
 *fill*         0x200005f9        0x3 
                0x200005fc                        _edata = .

.igot.plt       0x200005fc        0x0 load address 0x08003610
 .igot.plt      0x200005fc        0x0 C:/ST/STM32CubeIDE_1.15.1/STM32CubeIDE/plugins/com.st.stm32cube.ide.mcu.externaltools.gnu-tools-for-stm32.12.3.rel1.win32_1.0.200.202406191623/tools/bin/../lib/gcc/arm-none-eabi/12.3.1/thumb/v7-m/nofp/crtbegin.o
                0x200005fc                        . = ALIGN (0x4)

.bss            0x200005fc       0x74 load address 0x08003610
                0x200005fc                        _sbss = .
                0x200005fc                        __bss_start__ = _sbss
 *(.bss)
 .bss           0x200005fc       0x1c C:/ST/STM32CubeIDE_1.15.1/STM32CubeIDE/plugins/com.st.stm32cube.ide.mcu.externaltools.gnu-tools-for-stm32.12.3.rel1.win32_1.0.200.202406191623/tools/bin/../lib/gcc/arm-none-eabi/12.3.1/thumb/v7-m/nofp/crtbegin.o
 *(.bss*)
 .bss.hi2c1     0x20000618       0x54 ./Core/Src/i2c.o
                0x20000618                hi2c1
 .bss.uwTick    0x2000066c        0x4 ./Drivers/STM32F1xx_HAL_Driver/Src/stm32f1xx_hal.o
                0x2000066c                uwTick
 *(COMMON)
                0x20000670                        . = ALIGN (0x4)
                0x20000670                        _ebss = .
                0x20000670                        __bss_end__ = _ebss

._user_heap_stack
                0x20000670      0x600 load address 0x08003610
                0x20000670                        . = ALIGN (0x8)
                [!provide]                        PROVIDE (end = .)
                0x20000670                        PROVIDE (_end = .)
                0x20000870                        . = (. + _Min_Heap_Size)
 *fill*         0x20000670      0x200 
                0x20000c70                        . = (. + _Min_Stack_Size)
 *fill*         0x20000870      0x400 
                0x20000c70                        . = ALIGN (0x8)

/DISCARD/
 libc.a(*)
 libm.a(*)
 libgcc.a(*)

.ARM.attributes
                0x00000000       0x29
 *(.ARM.attributes)
 .ARM.attributes
                0x00000000       0x1d C:/ST/STM32CubeIDE_1.15.1/STM32CubeIDE/plugins/com.st.stm32cube.ide.mcu.externaltools.gnu-tools-for-stm32.12.3.rel1.win32_1.0.200.202406191623/tools/bin/../lib/gcc/arm-none-eabi/12.3.1/thumb/v7-m/nofp/crti.o
 .ARM.attributes
                0x0000001d       0x2d C:/ST/STM32CubeIDE_1.15.1/STM32CubeIDE/plugins/com.st.stm32cube.ide.mcu.externaltools.gnu-tools-for-stm32.12.3.rel1.win32_1.0.200.202406191623/tools/bin/../lib/gcc/arm-none-eabi/12.3.1/thumb/v7-m/nofp/crtbegin.o
 .ARM.attributes
                0x0000004a       0x2d ./Core/Src/gpio.o
 .ARM.attributes
                0x00000077       0x2d ./Core/Src/i2c.o
 .ARM.attributes
                0x000000a4       0x2d ./Core/Src/main.o
 .ARM.attributes
                0x000000d1       0x2d ./Core/Src/stm32f1xx_hal_msp.o
 .ARM.attributes
                0x000000fe       0x2d ./Core/Src/stm32f1xx_it.o
 .ARM.attributes
                0x0000012b       0x2d ./Core/Src/system_stm32f1xx.o
 .ARM.attributes
                0x00000158       0x2d ./Core/Src/systick.o
 .ARM.attributes
                0x00000185       0x21 ./Core/Startup/startup_stm32f103c8tx.o
 .ARM.attributes
                0x000001a6       0x2d ./Drivers/DSP/Common/sw_i2c/sw_i2c.o
 .ARM.attributes
                0x000001d3       0x2d ./Drivers/DSP/Components/oled/oled.o
 .ARM.attributes
                0x00000200       0x2d ./Drivers/DSP/Components/oled/oled_font.o
 .ARM.attributes
                0x0000022d       0x2d ./Drivers/DSP/Components/sgp30/sgp30.o
 .ARM.attributes
                0x0000025a       0x2d ./Drivers/DSP/Components/sht30/sht30.o
 .ARM.attributes
                0x00000287       0x2d ./Drivers/STM32F1xx_HAL_Driver/Src/stm32f1xx_hal.o
 .ARM.attributes
                0x000002b4       0x2d ./Drivers/STM32F1xx_HAL_Driver/Src/stm32f1xx_hal_cortex.o
 .ARM.attributes
                0x000002e1       0x2d ./Drivers/STM32F1xx_HAL_Driver/Src/stm32f1xx_hal_gpio.o
 .ARM.attributes
                0x0000030e       0x2d ./Drivers/STM32F1xx_HAL_Driver/Src/stm32f1xx_hal_i2c.o
 .ARM.attributes
                0x0000033b       0x2d ./Drivers/STM32F1xx_HAL_Driver/Src/stm32f1xx_hal_rcc.o
 .ARM.attributes
                0x00000368       0x2d C:/ST/STM32CubeIDE_1.15.1/STM32CubeIDE/plugins/com.st.stm32cube.ide.mcu.externaltools.gnu-tools-for-stm32.12.3.rel1.win32_1.0.200.202406191623/tools/bin/../lib/gcc/arm-none-eabi/12.3.1/../../../../arm-none-eabi/lib/thumb/v7-m/nofp\libc_nano.a(libc_a-memset.o)
 .ARM.attributes
                0x00000395       0x2d C:/ST/STM32CubeIDE_1.15.1/STM32CubeIDE/plugins/com.st.stm32cube.ide.mcu.externaltools.gnu-tools-for-stm32.12.3.rel1.win32_1.0.200.202406191623/tools/bin/../lib/gcc/arm-none-eabi/12.3.1/../../../../arm-none-eabi/lib/thumb/v7-m/nofp\libc_nano.a(libc_a-init.o)
 .ARM.attributes
                0x000003c2       0x1d C:/ST/STM32CubeIDE_1.15.1/STM32CubeIDE/plugins/com.st.stm32cube.ide.mcu.externaltools.gnu-tools-for-stm32.12.3.rel1.win32_1.0.200.202406191623/tools/bin/../lib/gcc/arm-none-eabi/12.3.1/thumb/v7-m/nofp\libgcc.a(_arm_addsubdf3.o)
 .ARM.attributes
                0x000003df       0x1d C:/ST/STM32CubeIDE_1.15.1/STM32CubeIDE/plugins/com.st.stm32cube.ide.mcu.externaltools.gnu-tools-for-stm32.12.3.rel1.win32_1.0.200.202406191623/tools/bin/../lib/gcc/arm-none-eabi/12.3.1/thumb/v7-m/nofp\libgcc.a(_arm_muldivdf3.o)
 .ARM.attributes
                0x000003fc       0x1d C:/ST/STM32CubeIDE_1.15.1/STM32CubeIDE/plugins/com.st.stm32cube.ide.mcu.externaltools.gnu-tools-for-stm32.12.3.rel1.win32_1.0.200.202406191623/tools/bin/../lib/gcc/arm-none-eabi/12.3.1/thumb/v7-m/nofp\libgcc.a(_arm_truncdfsf2.o)
 .ARM.attributes
                0x00000419       0x1d C:/ST/STM32CubeIDE_1.15.1/STM32CubeIDE/plugins/com.st.stm32cube.ide.mcu.externaltools.gnu-tools-for-stm32.12.3.rel1.win32_1.0.200.202406191623/tools/bin/../lib/gcc/arm-none-eabi/12.3.1/thumb/v7-m/nofp\libgcc.a(_arm_addsubsf3.o)
 .ARM.attributes
                0x00000436       0x1d C:/ST/STM32CubeIDE_1.15.1/STM32CubeIDE/plugins/com.st.stm32cube.ide.mcu.externaltools.gnu-tools-for-stm32.12.3.rel1.win32_1.0.200.202406191623/tools/bin/../lib/gcc/arm-none-eabi/12.3.1/thumb/v7-m/nofp\libgcc.a(_arm_fixunssfsi.o)
 .ARM.attributes
                0x00000453       0x1d C:/ST/STM32CubeIDE_1.15.1/STM32CubeIDE/plugins/com.st.stm32cube.ide.mcu.externaltools.gnu-tools-for-stm32.12.3.rel1.win32_1.0.200.202406191623/tools/bin/../lib/gcc/arm-none-eabi/12.3.1/thumb/v7-m/nofp/crtn.o
OUTPUT(demo_sht30_sgp30.elf elf32-littlearm)
LOAD linker stubs
LOAD C:/ST/STM32CubeIDE_1.15.1/STM32CubeIDE/plugins/com.st.stm32cube.ide.mcu.externaltools.gnu-tools-for-stm32.12.3.rel1.win32_1.0.200.202406191623/tools/bin/../lib/gcc/arm-none-eabi/12.3.1/../../../../arm-none-eabi/lib/thumb/v7-m/nofp\libc.a
LOAD C:/ST/STM32CubeIDE_1.15.1/STM32CubeIDE/plugins/com.st.stm32cube.ide.mcu.externaltools.gnu-tools-for-stm32.12.3.rel1.win32_1.0.200.202406191623/tools/bin/../lib/gcc/arm-none-eabi/12.3.1/../../../../arm-none-eabi/lib/thumb/v7-m/nofp\libm.a
LOAD C:/ST/STM32CubeIDE_1.15.1/STM32CubeIDE/plugins/com.st.stm32cube.ide.mcu.externaltools.gnu-tools-for-stm32.12.3.rel1.win32_1.0.200.202406191623/tools/bin/../lib/gcc/arm-none-eabi/12.3.1/thumb/v7-m/nofp\libgcc.a

.debug_info     0x00000000     0x6c7d
 .debug_info    0x00000000      0x2b7 ./Core/Src/gpio.o
 .debug_info    0x000002b7      0x7e3 ./Core/Src/i2c.o
 .debug_info    0x00000a9a      0x460 ./Core/Src/main.o
 .debug_info    0x00000efa      0x1f1 ./Core/Src/stm32f1xx_hal_msp.o
 .debug_info    0x000010eb      0x113 ./Core/Src/stm32f1xx_it.o
 .debug_info    0x000011fe      0x222 ./Core/Src/system_stm32f1xx.o
 .debug_info    0x00001420      0x153 ./Core/Src/systick.o
 .debug_info    0x00001573       0x30 ./Core/Startup/startup_stm32f103c8tx.o
 .debug_info    0x000015a3      0x41f ./Drivers/DSP/Common/sw_i2c/sw_i2c.o
 .debug_info    0x000019c2      0x94b ./Drivers/DSP/Components/oled/oled.o
 .debug_info    0x0000230d       0xcd ./Drivers/DSP/Components/oled/oled_font.o
 .debug_info    0x000023da      0x261 ./Drivers/DSP/Components/sgp30/sgp30.o
 .debug_info    0x0000263b      0x222 ./Drivers/DSP/Components/sht30/sht30.o
 .debug_info    0x0000285d      0x704 ./Drivers/STM32F1xx_HAL_Driver/Src/stm32f1xx_hal.o
 .debug_info    0x00002f61      0xa87 ./Drivers/STM32F1xx_HAL_Driver/Src/stm32f1xx_hal_cortex.o
 .debug_info    0x000039e8      0x5ab ./Drivers/STM32F1xx_HAL_Driver/Src/stm32f1xx_hal_gpio.o
 .debug_info    0x00003f93     0x2515 ./Drivers/STM32F1xx_HAL_Driver/Src/stm32f1xx_hal_i2c.o
 .debug_info    0x000064a8      0x7d5 ./Drivers/STM32F1xx_HAL_Driver/Src/stm32f1xx_hal_rcc.o

.debug_abbrev   0x00000000     0x1b22
 .debug_abbrev  0x00000000      0x13f ./Core/Src/gpio.o
 .debug_abbrev  0x0000013f      0x1de ./Core/Src/i2c.o
 .debug_abbrev  0x0000031d      0x1ae ./Core/Src/main.o
 .debug_abbrev  0x000004cb       0xdb ./Core/Src/stm32f1xx_hal_msp.o
 .debug_abbrev  0x000005a6       0x73 ./Core/Src/stm32f1xx_it.o
 .debug_abbrev  0x00000619      0x13f ./Core/Src/system_stm32f1xx.o
 .debug_abbrev  0x00000758       0xe6 ./Core/Src/systick.o
 .debug_abbrev  0x0000083e       0x24 ./Core/Startup/startup_stm32f103c8tx.o
 .debug_abbrev  0x00000862      0x1d2 ./Drivers/DSP/Common/sw_i2c/sw_i2c.o
 .debug_abbrev  0x00000a34      0x1f1 ./Drivers/DSP/Components/oled/oled.o
 .debug_abbrev  0x00000c25       0x72 ./Drivers/DSP/Components/oled/oled_font.o
 .debug_abbrev  0x00000c97      0x13a ./Drivers/DSP/Components/sgp30/sgp30.o
 .debug_abbrev  0x00000dd1      0x138 ./Drivers/DSP/Components/sht30/sht30.o
 .debug_abbrev  0x00000f09      0x201 ./Drivers/STM32F1xx_HAL_Driver/Src/stm32f1xx_hal.o
 .debug_abbrev  0x0000110a      0x2f8 ./Drivers/STM32F1xx_HAL_Driver/Src/stm32f1xx_hal_cortex.o
 .debug_abbrev  0x00001402      0x1ca ./Drivers/STM32F1xx_HAL_Driver/Src/stm32f1xx_hal_gpio.o
 .debug_abbrev  0x000015cc      0x2a3 ./Drivers/STM32F1xx_HAL_Driver/Src/stm32f1xx_hal_i2c.o
 .debug_abbrev  0x0000186f      0x2b3 ./Drivers/STM32F1xx_HAL_Driver/Src/stm32f1xx_hal_rcc.o

.debug_aranges  0x00000000      0x850
 .debug_aranges
                0x00000000       0x20 ./Core/Src/gpio.o
 .debug_aranges
                0x00000020       0x30 ./Core/Src/i2c.o
 .debug_aranges
                0x00000050       0x30 ./Core/Src/main.o
 .debug_aranges
                0x00000080       0x20 ./Core/Src/stm32f1xx_hal_msp.o
 .debug_aranges
                0x000000a0       0x60 ./Core/Src/stm32f1xx_it.o
 .debug_aranges
                0x00000100       0x28 ./Core/Src/system_stm32f1xx.o
 .debug_aranges
                0x00000128       0x30 ./Core/Src/systick.o
 .debug_aranges
                0x00000158       0x28 ./Core/Startup/startup_stm32f103c8tx.o
 .debug_aranges
                0x00000180       0x58 ./Drivers/DSP/Common/sw_i2c/sw_i2c.o
 .debug_aranges
                0x000001d8       0x78 ./Drivers/DSP/Components/oled/oled.o
 .debug_aranges
                0x00000250       0x18 ./Drivers/DSP/Components/oled/oled_font.o
 .debug_aranges
                0x00000268       0x40 ./Drivers/DSP/Components/sgp30/sgp30.o
 .debug_aranges
                0x000002a8       0x38 ./Drivers/DSP/Components/sht30/sht30.o
 .debug_aranges
                0x000002e0       0xe0 ./Drivers/STM32F1xx_HAL_Driver/Src/stm32f1xx_hal.o
 .debug_aranges
                0x000003c0      0x100 ./Drivers/STM32F1xx_HAL_Driver/Src/stm32f1xx_hal_cortex.o
 .debug_aranges
                0x000004c0       0x58 ./Drivers/STM32F1xx_HAL_Driver/Src/stm32f1xx_hal_gpio.o
 .debug_aranges
                0x00000518      0x2a8 ./Drivers/STM32F1xx_HAL_Driver/Src/stm32f1xx_hal_i2c.o
 .debug_aranges
                0x000007c0       0x90 ./Drivers/STM32F1xx_HAL_Driver/Src/stm32f1xx_hal_rcc.o

.debug_rnglists
                0x00000000      0x62c
 .debug_rnglists
                0x00000000       0x14 ./Core/Src/gpio.o
 .debug_rnglists
                0x00000014       0x1f ./Core/Src/i2c.o
 .debug_rnglists
                0x00000033       0x21 ./Core/Src/main.o
 .debug_rnglists
                0x00000054       0x13 ./Core/Src/stm32f1xx_hal_msp.o
 .debug_rnglists
                0x00000067       0x43 ./Core/Src/stm32f1xx_it.o
 .debug_rnglists
                0x000000aa       0x1a ./Core/Src/system_stm32f1xx.o
 .debug_rnglists
                0x000000c4       0x1f ./Core/Src/systick.o
 .debug_rnglists
                0x000000e3       0x19 ./Core/Startup/startup_stm32f103c8tx.o
 .debug_rnglists
                0x000000fc       0x41 ./Drivers/DSP/Common/sw_i2c/sw_i2c.o
 .debug_rnglists
                0x0000013d       0x58 ./Drivers/DSP/Components/oled/oled.o
 .debug_rnglists
                0x00000195       0x2c ./Drivers/DSP/Components/sgp30/sgp30.o
 .debug_rnglists
                0x000001c1       0x26 ./Drivers/DSP/Components/sht30/sht30.o
 .debug_rnglists
                0x000001e7       0xa3 ./Drivers/STM32F1xx_HAL_Driver/Src/stm32f1xx_hal.o
 .debug_rnglists
                0x0000028a       0xbb ./Drivers/STM32F1xx_HAL_Driver/Src/stm32f1xx_hal_cortex.o
 .debug_rnglists
                0x00000345       0x3f ./Drivers/STM32F1xx_HAL_Driver/Src/stm32f1xx_hal_gpio.o
 .debug_rnglists
                0x00000384      0x23c ./Drivers/STM32F1xx_HAL_Driver/Src/stm32f1xx_hal_i2c.o
 .debug_rnglists
                0x000005c0       0x6c ./Drivers/STM32F1xx_HAL_Driver/Src/stm32f1xx_hal_rcc.o

.debug_macro    0x00000000    0x16c41
 .debug_macro   0x00000000      0x1a2 ./Core/Src/gpio.o
 .debug_macro   0x000001a2      0xaa8 ./Core/Src/gpio.o
 .debug_macro   0x00000c4a      0x215 ./Core/Src/gpio.o
 .debug_macro   0x00000e5f       0x2e ./Core/Src/gpio.o
 .debug_macro   0x00000e8d       0x22 ./Core/Src/gpio.o
 .debug_macro   0x00000eaf       0x22 ./Core/Src/gpio.o
 .debug_macro   0x00000ed1       0x8e ./Core/Src/gpio.o
 .debug_macro   0x00000f5f       0x51 ./Core/Src/gpio.o
 .debug_macro   0x00000fb0      0x103 ./Core/Src/gpio.o
 .debug_macro   0x000010b3       0x6a ./Core/Src/gpio.o
 .debug_macro   0x0000111d      0x1df ./Core/Src/gpio.o
 .debug_macro   0x000012fc       0x1c ./Core/Src/gpio.o
 .debug_macro   0x00001318       0x22 ./Core/Src/gpio.o
 .debug_macro   0x0000133a       0xbd ./Core/Src/gpio.o
 .debug_macro   0x000013f7      0xd23 ./Core/Src/gpio.o
 .debug_macro   0x0000211a     0xe09e ./Core/Src/gpio.o
 .debug_macro   0x000101b8       0x6d ./Core/Src/gpio.o
 .debug_macro   0x00010225     0x348d ./Core/Src/gpio.o
 .debug_macro   0x000136b2      0x189 ./Core/Src/gpio.o
 .debug_macro   0x0001383b       0x5c ./Core/Src/gpio.o
 .debug_macro   0x00013897      0x5bc ./Core/Src/gpio.o
 .debug_macro   0x00013e53      0x289 ./Core/Src/gpio.o
 .debug_macro   0x000140dc      0x1cb ./Core/Src/gpio.o
 .debug_macro   0x000142a7      0x114 ./Core/Src/gpio.o
 .debug_macro   0x000143bb      0x1b2 ./Core/Src/gpio.o
 .debug_macro   0x0001456d       0x27 ./Core/Src/gpio.o
 .debug_macro   0x00014594      0x136 ./Core/Src/gpio.o
 .debug_macro   0x000146ca      0x1bc ./Core/Src/gpio.o
 .debug_macro   0x00014886       0x34 ./Core/Src/gpio.o
 .debug_macro   0x000148ba       0x3c ./Core/Src/gpio.o
 .debug_macro   0x000148f6       0x57 ./Core/Src/gpio.o
 .debug_macro   0x0001494d       0x87 ./Core/Src/gpio.o
 .debug_macro   0x000149d4      0x240 ./Core/Src/gpio.o
 .debug_macro   0x00014c14      0x287 ./Core/Src/gpio.o
 .debug_macro   0x00014e9b      0x140 ./Core/Src/gpio.o
 .debug_macro   0x00014fdb       0x83 ./Core/Src/gpio.o
 .debug_macro   0x0001505e      0x1a2 ./Core/Src/i2c.o
 .debug_macro   0x00015200      0x1d6 ./Core/Src/main.o
 .debug_macro   0x000153d6       0x16 ./Core/Src/main.o
 .debug_macro   0x000153ec       0x16 ./Core/Src/main.o
 .debug_macro   0x00015402      0x198 ./Core/Src/stm32f1xx_hal_msp.o
 .debug_macro   0x0001559a      0x1a2 ./Core/Src/stm32f1xx_it.o
 .debug_macro   0x0001573c      0x18e ./Core/Src/system_stm32f1xx.o
 .debug_macro   0x000158ca      0x19e ./Core/Src/systick.o
 .debug_macro   0x00015a68      0x1d4 ./Drivers/DSP/Common/sw_i2c/sw_i2c.o
 .debug_macro   0x00015c3c       0x22 ./Drivers/DSP/Common/sw_i2c/sw_i2c.o
 .debug_macro   0x00015c5e      0x1be ./Drivers/DSP/Components/oled/oled.o
 .debug_macro   0x00015e1c      0x1a2 ./Drivers/DSP/Components/oled/oled_font.o
 .debug_macro   0x00015fbe      0x1c0 ./Drivers/DSP/Components/sgp30/sgp30.o
 .debug_macro   0x0001617e       0x10 ./Drivers/DSP/Components/sgp30/sgp30.o
 .debug_macro   0x0001618e       0x28 ./Drivers/DSP/Components/sgp30/sgp30.o
 .debug_macro   0x000161b6      0x1c6 ./Drivers/DSP/Components/sht30/sht30.o
 .debug_macro   0x0001637c       0x10 ./Drivers/DSP/Components/sht30/sht30.o
 .debug_macro   0x0001638c      0x1b2 ./Drivers/STM32F1xx_HAL_Driver/Src/stm32f1xx_hal.o
 .debug_macro   0x0001653e      0x18e ./Drivers/STM32F1xx_HAL_Driver/Src/stm32f1xx_hal_cortex.o
 .debug_macro   0x000166cc      0x1f9 ./Drivers/STM32F1xx_HAL_Driver/Src/stm32f1xx_hal_gpio.o
 .debug_macro   0x000168c5      0x1dc ./Drivers/STM32F1xx_HAL_Driver/Src/stm32f1xx_hal_i2c.o
 .debug_macro   0x00016aa1      0x1a0 ./Drivers/STM32F1xx_HAL_Driver/Src/stm32f1xx_hal_rcc.o

.debug_line     0x00000000     0xc56d
 .debug_line    0x00000000      0x6e1 ./Core/Src/gpio.o
 .debug_line    0x000006e1      0x738 ./Core/Src/i2c.o
 .debug_line    0x00000e19      0x83a ./Core/Src/main.o
 .debug_line    0x00001653      0x6d4 ./Core/Src/stm32f1xx_hal_msp.o
 .debug_line    0x00001d27      0x795 ./Core/Src/stm32f1xx_it.o
 .debug_line    0x000024bc      0x751 ./Core/Src/system_stm32f1xx.o
 .debug_line    0x00002c0d      0x740 ./Core/Src/systick.o
 .debug_line    0x0000334d       0x78 ./Core/Startup/startup_stm32f103c8tx.o
 .debug_line    0x000033c5      0x8c7 ./Drivers/DSP/Common/sw_i2c/sw_i2c.o
 .debug_line    0x00003c8c      0x9d1 ./Drivers/DSP/Components/oled/oled.o
 .debug_line    0x0000465d      0x6d4 ./Drivers/DSP/Components/oled/oled_font.o
 .debug_line    0x00004d31      0x7ef ./Drivers/DSP/Components/sgp30/sgp30.o
 .debug_line    0x00005520      0x7dc ./Drivers/DSP/Components/sht30/sht30.o
 .debug_line    0x00005cfc      0x97e ./Drivers/STM32F1xx_HAL_Driver/Src/stm32f1xx_hal.o
 .debug_line    0x0000667a      0xb6a ./Drivers/STM32F1xx_HAL_Driver/Src/stm32f1xx_hal_cortex.o
 .debug_line    0x000071e4      0xa17 ./Drivers/STM32F1xx_HAL_Driver/Src/stm32f1xx_hal_gpio.o
 .debug_line    0x00007bfb     0x3beb ./Drivers/STM32F1xx_HAL_Driver/Src/stm32f1xx_hal_i2c.o
 .debug_line    0x0000b7e6      0xd87 ./Drivers/STM32F1xx_HAL_Driver/Src/stm32f1xx_hal_rcc.o

.debug_str      0x00000000    0x7eb57
 .debug_str     0x00000000    0x7c2fb ./Core/Src/gpio.o
                              0x7c62d (size before relaxing)
 .debug_str     0x0007c2fb      0x4ad ./Core/Src/i2c.o
                              0x7cae7 (size before relaxing)
 .debug_str     0x0007c7a8      0x300 ./Core/Src/main.o
                              0x7c8b2 (size before relaxing)
 .debug_str     0x0007caa8       0x5a ./Core/Src/stm32f1xx_hal_msp.o
                              0x7c5b5 (size before relaxing)
 .debug_str     0x0007cb02       0xc9 ./Core/Src/stm32f1xx_it.o
                              0x7c5ca (size before relaxing)
 .debug_str     0x0007cbcb       0x6e ./Core/Src/system_stm32f1xx.o
                              0x7c5e0 (size before relaxing)
 .debug_str     0x0007cc39       0x68 ./Core/Src/systick.o
                              0x7c59b (size before relaxing)
 .debug_str     0x0007cca1       0x44 ./Core/Startup/startup_stm32f103c8tx.o
                                 0x8a (size before relaxing)
 .debug_str     0x0007cce5      0x27a ./Drivers/DSP/Common/sw_i2c/sw_i2c.o
                              0x7c821 (size before relaxing)
 .debug_str     0x0007cf5f      0x181 ./Drivers/DSP/Components/oled/oled.o
                              0x7cb9c (size before relaxing)
 .debug_str     0x0007d0e0       0x2b ./Drivers/DSP/Components/oled/oled_font.o
                              0x7c554 (size before relaxing)
 .debug_str     0x0007d10b       0x91 ./Drivers/DSP/Components/sgp30/sgp30.o
                              0x7c725 (size before relaxing)
 .debug_str     0x0007d19c       0x71 ./Drivers/DSP/Components/sht30/sht30.o
                              0x7c735 (size before relaxing)
 .debug_str     0x0007d20d      0x5f9 ./Drivers/STM32F1xx_HAL_Driver/Src/stm32f1xx_hal.o
                              0x7cd13 (size before relaxing)
 .debug_str     0x0007d806      0x2b1 ./Drivers/STM32F1xx_HAL_Driver/Src/stm32f1xx_hal_cortex.o
                              0x7cc5f (size before relaxing)
 .debug_str     0x0007dab7      0x2ca ./Drivers/STM32F1xx_HAL_Driver/Src/stm32f1xx_hal_gpio.o
                              0x7c966 (size before relaxing)
 .debug_str     0x0007dd81      0xbcd ./Drivers/STM32F1xx_HAL_Driver/Src/stm32f1xx_hal_i2c.o
                              0x7d6a7 (size before relaxing)
 .debug_str     0x0007e94e      0x209 ./Drivers/STM32F1xx_HAL_Driver/Src/stm32f1xx_hal_rcc.o
                              0x7ca0f (size before relaxing)

.comment        0x00000000       0x43
 .comment       0x00000000       0x43 ./Core/Src/gpio.o
                                 0x44 (size before relaxing)
 .comment       0x00000043       0x44 ./Core/Src/i2c.o
 .comment       0x00000043       0x44 ./Core/Src/main.o
 .comment       0x00000043       0x44 ./Core/Src/stm32f1xx_hal_msp.o
 .comment       0x00000043       0x44 ./Core/Src/stm32f1xx_it.o
 .comment       0x00000043       0x44 ./Core/Src/system_stm32f1xx.o
 .comment       0x00000043       0x44 ./Core/Src/systick.o
 .comment       0x00000043       0x44 ./Drivers/DSP/Common/sw_i2c/sw_i2c.o
 .comment       0x00000043       0x44 ./Drivers/DSP/Components/oled/oled.o
 .comment       0x00000043       0x44 ./Drivers/DSP/Components/oled/oled_font.o
 .comment       0x00000043       0x44 ./Drivers/DSP/Components/sgp30/sgp30.o
 .comment       0x00000043       0x44 ./Drivers/DSP/Components/sht30/sht30.o
 .comment       0x00000043       0x44 ./Drivers/STM32F1xx_HAL_Driver/Src/stm32f1xx_hal.o
 .comment       0x00000043       0x44 ./Drivers/STM32F1xx_HAL_Driver/Src/stm32f1xx_hal_cortex.o
 .comment       0x00000043       0x44 ./Drivers/STM32F1xx_HAL_Driver/Src/stm32f1xx_hal_gpio.o
 .comment       0x00000043       0x44 ./Drivers/STM32F1xx_HAL_Driver/Src/stm32f1xx_hal_i2c.o
 .comment       0x00000043       0x44 ./Drivers/STM32F1xx_HAL_Driver/Src/stm32f1xx_hal_rcc.o

.debug_frame    0x00000000     0x2088
 .debug_frame   0x00000000       0x34 ./Core/Src/gpio.o
 .debug_frame   0x00000034       0x74 ./Core/Src/i2c.o
 .debug_frame   0x000000a8       0x6c ./Core/Src/main.o
 .debug_frame   0x00000114       0x38 ./Core/Src/stm32f1xx_hal_msp.o
 .debug_frame   0x0000014c      0x104 ./Core/Src/stm32f1xx_it.o
 .debug_frame   0x00000250       0x58 ./Core/Src/system_stm32f1xx.o
 .debug_frame   0x000002a8       0x80 ./Core/Src/systick.o
 .debug_frame   0x00000328      0x120 ./Drivers/DSP/Common/sw_i2c/sw_i2c.o
 .debug_frame   0x00000448      0x1c8 ./Drivers/DSP/Components/oled/oled.o
 .debug_frame   0x00000610       0xbc ./Drivers/DSP/Components/sgp30/sgp30.o
 .debug_frame   0x000006cc       0x9c ./Drivers/DSP/Components/sht30/sht30.o
 .debug_frame   0x00000768      0x334 ./Drivers/STM32F1xx_HAL_Driver/Src/stm32f1xx_hal.o
 .debug_frame   0x00000a9c      0x428 ./Drivers/STM32F1xx_HAL_Driver/Src/stm32f1xx_hal_cortex.o
 .debug_frame   0x00000ec4      0x14c ./Drivers/STM32F1xx_HAL_Driver/Src/stm32f1xx_hal_gpio.o
 .debug_frame   0x00001010      0xc84 ./Drivers/STM32F1xx_HAL_Driver/Src/stm32f1xx_hal_i2c.o
 .debug_frame   0x00001c94      0x218 ./Drivers/STM32F1xx_HAL_Driver/Src/stm32f1xx_hal_rcc.o
 .debug_frame   0x00001eac       0x20 C:/ST/STM32CubeIDE_1.15.1/STM32CubeIDE/plugins/com.st.stm32cube.ide.mcu.externaltools.gnu-tools-for-stm32.12.3.rel1.win32_1.0.200.202406191623/tools/bin/../lib/gcc/arm-none-eabi/12.3.1/../../../../arm-none-eabi/lib/thumb/v7-m/nofp\libc_nano.a(libc_a-memset.o)
 .debug_frame   0x00001ecc       0x2c C:/ST/STM32CubeIDE_1.15.1/STM32CubeIDE/plugins/com.st.stm32cube.ide.mcu.externaltools.gnu-tools-for-stm32.12.3.rel1.win32_1.0.200.202406191623/tools/bin/../lib/gcc/arm-none-eabi/12.3.1/../../../../arm-none-eabi/lib/thumb/v7-m/nofp\libc_nano.a(libc_a-init.o)
 .debug_frame   0x00001ef8       0xac C:/ST/STM32CubeIDE_1.15.1/STM32CubeIDE/plugins/com.st.stm32cube.ide.mcu.externaltools.gnu-tools-for-stm32.12.3.rel1.win32_1.0.200.202406191623/tools/bin/../lib/gcc/arm-none-eabi/12.3.1/thumb/v7-m/nofp\libgcc.a(_arm_addsubdf3.o)
 .debug_frame   0x00001fa4       0x50 C:/ST/STM32CubeIDE_1.15.1/STM32CubeIDE/plugins/com.st.stm32cube.ide.mcu.externaltools.gnu-tools-for-stm32.12.3.rel1.win32_1.0.200.202406191623/tools/bin/../lib/gcc/arm-none-eabi/12.3.1/thumb/v7-m/nofp\libgcc.a(_arm_muldivdf3.o)
 .debug_frame   0x00001ff4       0x24 C:/ST/STM32CubeIDE_1.15.1/STM32CubeIDE/plugins/com.st.stm32cube.ide.mcu.externaltools.gnu-tools-for-stm32.12.3.rel1.win32_1.0.200.202406191623/tools/bin/../lib/gcc/arm-none-eabi/12.3.1/thumb/v7-m/nofp\libgcc.a(_arm_truncdfsf2.o)
 .debug_frame   0x00002018       0x4c C:/ST/STM32CubeIDE_1.15.1/STM32CubeIDE/plugins/com.st.stm32cube.ide.mcu.externaltools.gnu-tools-for-stm32.12.3.rel1.win32_1.0.200.202406191623/tools/bin/../lib/gcc/arm-none-eabi/12.3.1/thumb/v7-m/nofp\libgcc.a(_arm_addsubsf3.o)
 .debug_frame   0x00002064       0x24 C:/ST/STM32CubeIDE_1.15.1/STM32CubeIDE/plugins/com.st.stm32cube.ide.mcu.externaltools.gnu-tools-for-stm32.12.3.rel1.win32_1.0.200.202406191623/tools/bin/../lib/gcc/arm-none-eabi/12.3.1/thumb/v7-m/nofp\libgcc.a(_arm_fixunssfsi.o)

.debug_line_str
                0x00000000       0x6e
 .debug_line_str
                0x00000000       0x6e ./Core/Startup/startup_stm32f103c8tx.o
