../Drivers/DSP/Components/oled/oled.c:14:6:SSD1306_WriteCommand	32	static
../Drivers/DSP/Components/oled/oled.c:19:6:SSD1306_WriteData	32	static
../Drivers/DSP/Components/oled/oled.c:30:6:OLED_SetCursor	16	static
../Drivers/DSP/Components/oled/oled.c:41:6:OLED_Clear	16	static
../Drivers/DSP/Components/oled/oled.c:58:6:OLED_ShowChar	24	static
../Drivers/DSP/Components/oled/oled.c:77:6:OLED_ShowString	24	static
../Drivers/DSP/Components/oled/oled.c:88:10:OLED_Pow	24	static
../Drivers/DSP/Components/oled/oled.c:104:6:OLED_ShowNum	32	static
../Drivers/DSP/Components/oled/oled.c:120:6:OLED_ShowSignedNum	32	static
../Drivers/DSP/Components/oled/oled.c:145:6:OLED_ShowHexNum	24	static
../Drivers/DSP/Components/oled/oled.c:166:6:OLED_ShowBinNum	32	static
../Drivers/DSP/Components/oled/oled.c:180:6:OLED_Init	8	static
